
**** Build of configuration Nios II for project cpt_seuil ****

make all 
Info: Building ../cpt_seuil_bsp/
make --no-print-directory -C ../cpt_seuil_bsp/
[BSP build complete]
Info: Linking cpt_seuil.elf
nios2-elf-g++  -T'../cpt_seuil_bsp//linker.x' -msys-crt0='../cpt_seuil_bsp//obj/HAL/src/crt0.o' -msys-lib=hal_bsp -L../cpt_seuil_bsp/   -Wl,-Map=cpt_seuil.map   -O0 -g -Wall   -EL -mno-hw-div -mno-hw-mul -mno-hw-mulx  -o cpt_seuil.elf obj/default/hello_world.o -lm 
nios2-elf-insert cpt_seuil.elf --thread_model hal --cpu_name nios2_qsys_0 --qsys true --simulation_enabled false --stderr_dev jtag_uart --stdin_dev jtag_uart --stdout_dev jtag_uart --sopc_system_name nios_sys --quartus_project_dir "C:/Users/fessome/Desktop/SoCTP/version5/SoC" --sopcinfo C:/Users/fessome/Desktop/SoCTP/version5/SoC/nios_sys.sopcinfo
Info: (cpt_seuil.elf) 57 KBytes program size (code + initialized data).
Info:                 32703 KBytes free for stack + heap.
Info: Creating cpt_seuil.objdump
nios2-elf-objdump --disassemble --syms --all-header --source cpt_seuil.elf >cpt_seuil.objdump
[cpt_seuil build complete]

**** Build Finished ****

**** Build of configuration Nios II for project cpt_seuil ****

make all 
Info: Building ../cpt_seuil_bsp/
make --no-print-directory -C ../cpt_seuil_bsp/
[BSP build complete]
[cpt_seuil build complete]

**** Build Finished ****

**** Build of configuration Nios II for project cpt_seuil ****

make all 
Info: Building ../cpt_seuil_bsp/
make --no-print-directory -C ../cpt_seuil_bsp/
[BSP build complete]
[cpt_seuil build complete]

**** Build Finished ****

**** Build of configuration Nios II for project cpt_seuil ****

make all 
Info: Building ../cpt_seuil_bsp/
make --no-print-directory -C ../cpt_seuil_bsp/
[BSP build complete]
[cpt_seuil build complete]

**** Build Finished ****
